// Vitest Snapshot v1, https://vitest.dev/guide/snapshot.html

exports[`Navigation Component > matches the snapshot 1`] = `
<body>
  <div>
    <div
      data-testid="navigation-bar"
    />
  </div>
</body>
`;
