// Vitest Snapshot v1, https://vitest.dev/guide/snapshot.html

exports[`Form Component > matches the snapshot 1`] = `
<body>
  <div>
    <form
      data-testid="form"
    >
      <input
        data-testid="test-input"
      />
    </form>
  </div>
</body>
`;
