// Vitest Snapshot v1, https://vitest.dev/guide/snapshot.html

exports[`ProductSearch > should match snapshot 1`] = `
<body>
  <div>
    <div
      class="search-container flex align-middle lg:ml-6 cursor-pointer relative"
    >
      <a
        class="p-2.5 text-gray-400 hover:text-gray-500"
      >
        <span
          class="sr-only"
        >
          Search
        </span>
        <img
          alt="search"
          height="20"
          src="/icons/search.svg"
          width="20"
        />
      </a>
      <div
        class="search-input relative "
      >
        <input
          class="block w-full my-0.5 rounded-md border-0 py-1.5 px-3 text-gray-900 ring-1 ring-inset ring-gray-300 placeholder:text-gray-400 focus:ring-2 focus:ring-inset focus:ring-indigo-600 sm:text-sm/6 transition-all duration-200"
          name="price"
          placeholder="Search products"
          type="text"
        />
      </div>
    </div>
  </div>
</body>
`;
